[33m╭─[0m[33m────────────────────────────────────────────────────────────────────────────[0m[33m Task Started [0m[33m─────────────────────────────────────────────────────────────────────────────[0m[33m─╮[0m
[33m│[0m                                                                                                                                                                         [33m│[0m
[33m│[0m  [1;33m📋 Task: a174fa0c-c665-46c9-9de5-954fb3ba0581[0m                                                                                                                          [33m│[0m
[33m│[0m  [37mStatus: [0m[2;33mExecuting Task...[0m                                                                                                                                              [33m│[0m
[33m│[0m                                                                                                                                                                         [33m│[0m
[33m╰─────────────────────────────────────────────────────────────────────────────────────────────────────────────────────────────────────────────────────────────────────────╯[0m


[35m╭─[0m[35m──────────────────────────────────────────────────────────────────────────[0m[35m 🤖 Agent Started [0m[35m───────────────────────────────────────────────────────────────────────────[0m[35m─╮[0m
[35m│[0m                                                                                                                                                                         [35m│[0m
[35m│[0m  [37mAgent: [0m[1;92mMarket Data Validation Specialist for INFY.NS[0m                                                                                                                   [35m│[0m
[35m│[0m                                                                                                                                                                         [35m│[0m
[35m│[0m  [37mTask: [0m[92mUse fetch_market_data_bundle_tool as the only tool. It returns a compact bundle_file plus row counts, validation, and actions metadata in one deterministic [0m     [35m│[0m
[35m│[0m  [92mpass. Use the bundle_file path as the handoff to downstream tasks instead of embedding the full OHLCV list in context. Do not perform analysis, do not ask coworkers,[0m  [35m│[0m
[35m│[0m  [92mand do not split the work into multiple tool calls.[0m                                                                                                                    [35m│[0m
[35m│[0m                                                                                                                                                                         [35m│[0m
[35m│[0m                                                                                                                                                                         [35m│[0m
[35m╰─────────────────────────────────────────────────────────────────────────────────────────────────────────────────────────────────────────────────────────────────────────╯[0m

[35m╭─[0m[35m───────────────────────────────────────────────────────────────────────[0m[35m 🔧 Agent Tool Execution [0m[35m───────────────────────────────────────────────────────────────────────[0m[35m─╮[0m
[35m│[0m                                                                                                                                                                         [35m│[0m
[35m│[0m  [37mAgent: [0m[1;92mMarket Data Validation Specialist for INFY.NS[0m                                                                                                                   [35m│[0m
[35m│[0m                                                                                                                                                                         [35m│[0m
[35m│[0m  [37mThought: [0m[92mI need to fetch the market data bundle for INFY.NS to get the adjusted OHLCV and corporate actions, and then validate and clean the dataset.[0m                  [35m│[0m
[35m│[0m                                                                                                                                                                         [35m│[0m
[35m│[0m  [37mUsing Tool: [0m[1;92mfetch_market_data_bundle_tool[0m                                                                                                                              [35m│[0m
[35m│[0m                                                                                                                                                                         [35m│[0m
[35m╰─────────────────────────────────────────────────────────────────────────────────────────────────────────────────────────────────────────────────────────────────────────╯[0m
[34m╭─[0m[34m─────────────────────────────────────────────────────────────────────────────[0m[34m Tool Input [0m[34m──────────────────────────────────────────────────────────────────────────────[0m[34m─╮[0m
[34m│[0m                                                                                                                                                                         [34m│[0m
[34m│[0m  [38;2;230;219;116;49m"{\"ticker\": \"INFY.NS\", \"daily_period\": \"1d\", \"weekly_period\": \"1w\", \"auto_adjust\": true}"[0m                                                                [34m│[0m
[34m│[0m                                                                                                                                                                         [34m│[0m
[34m╰─────────────────────────────────────────────────────────────────────────────────────────────────────────────────────────────────────────────────────────────────────────╯[0m
[32m╭─[0m[32m─────────────────────────────────────────────────────────────────────────────[0m[32m Tool Output [0m[32m─────────────────────────────────────────────────────────────────────────────[0m[32m─╮[0m
[32m│[0m                                                                                                                                                                         [32m│[0m
[32m│[0m  [92m{"success": true, "ticker": "INFY.NS", "bundle_file": "C:\\Users\\ADARSH [0m                                                                                              [32m│[0m
[32m│[0m  [92mNAIK\\Desktop\\signal_sync\\src\\signal_sync\\ta\\cache\\INFY.NS_bundle_20260604T152817Z.json", "daily_rows": 63, "weekly_rows": 53, "actions_count": 69, [0m             [32m│[0m
[32m│[0m  [92m"validation": {"success": true, "rows": 63, "dropped_rows": 0}}[0m                                                                                                        [32m│[0m
[32m│[0m                                                                                                                                                                         [32m│[0m
[32m╰─────────────────────────────────────────────────────────────────────────────────────────────────────────────────────────────────────────────────────────────────────────╯[0m

[32m╭─[0m[32m────────────────────────────────────────────────────────────────────────[0m[32m ✅ Agent Final Answer [0m[32m────────────────────────────────────────────────────────────────────────[0m[32m─╮[0m
[32m│[0m                                                                                                                                                                         [32m│[0m
[32m│[0m  [37mAgent: [0m[1;92mMarket Data Validation Specialist for INFY.NS[0m                                                                                                                   [32m│[0m
[32m│[0m                                                                                                                                                                         [32m│[0m
[32m│[0m  [37mFinal Answer:[0m                                                                                                                                                          [32m│[0m
[32m│[0m  [92m{"bundle_file":"C:\\Users\\ADARSH [0m                                                                                                                                     [32m│[0m
[32m│[0m  [92mNAIK\\Desktop\\signal_sync\\src\\signal_sync\\ta\\cache\\INFY.NS_bundle_20260604T152817Z.json","daily_rows":63,"weekly_rows":53,"actions_count":69,"validation":{"suc[0m  [32m│[0m
[32m│[0m  [92mcess":true,"rows":63,"dropped_rows":0}}[0m                                                                                                                                [32m│[0m
[32m│[0m                                                                                                                                                                         [32m│[0m
[32m╰─────────────────────────────────────────────────────────────────────────────────────────────────────────────────────────────────────────────────────────────────────────╯[0m

[33m╭─[0m[33m────────────────────────────────────────────────────────────────────────────[0m[33m Task Started [0m[33m─────────────────────────────────────────────────────────────────────────────[0m[33m─╮[0m
[33m│[0m                                                                                                                                                                         [33m│[0m
[33m│[0m  [1;33m📋 Task: 34e4b24e-0558-4601-9c68-71e88c2934e7[0m                                                                                                                          [33m│[0m
[33m│[0m  [37mStatus: [0m[2;33mExecuting Task...[0m                                                                                                                                              [33m│[0m
[33m│[0m                                                                                                                                                                         [33m│[0m
[33m╰─────────────────────────────────────────────────────────────────────────────────────────────────────────────────────────────────────────────────────────────────────────╯[0m


[35m╭─[0m[35m──────────────────────────────────────────────────────────────────────────[0m[35m 🤖 Agent Started [0m[35m───────────────────────────────────────────────────────────────────────────[0m[35m─╮[0m
[35m│[0m                                                                                                                                                                         [35m│[0m
[35m│[0m  [37mAgent: [0m[1;92mTechnical Indicator Computation Specialist[0m                                                                                                                      [35m│[0m
[35m│[0m                                                                                                                                                                         [35m│[0m
[35m│[0m  [37mTask: [0m[92mUse indicator_rule_engine_tool as the only tool. It computes SMA, EMA20/50/100/200, RSI, MACD, ATR, Bollinger Bands, and OBV in one deterministic pass. Pass [0m    [35m│[0m
[35m│[0m  [92mthe bundle_file path from market_data_task directly into the tool.[0m                                                                                                     [35m│[0m
[35m│[0m                                                                                                                                                                         [35m│[0m
[35m│[0m                                                                                                                                                                         [35m│[0m
[35m╰─────────────────────────────────────────────────────────────────────────────────────────────────────────────────────────────────────────────────────────────────────────╯[0m

[35m╭─[0m[35m───────────────────────────────────────────────────────────────────────[0m[35m 🔧 Agent Tool Execution [0m[35m───────────────────────────────────────────────────────────────────────[0m[35m─╮[0m
[35m│[0m                                                                                                                                                                         [35m│[0m
[35m│[0m  [37mAgent: [0m[1;92mTechnical Indicator Computation Specialist[0m                                                                                                                      [35m│[0m
[35m│[0m                                                                                                                                                                         [35m│[0m
[35m│[0m  [37mThought: [0m[92mThought: I need to utilize the `indicator_rule_engine_tool` to compute the required indicators based on the provided bundle file path.[0m                        [35m│[0m
[35m│[0m                                                                                                                                                                         [35m│[0m
[35m│[0m  [37mUsing Tool: [0m[1;92mindicator_rule_engine_tool[0m                                                                                                                                 [35m│[0m
[35m│[0m                                                                                                                                                                         [35m│[0m
[35m╰─────────────────────────────────────────────────────────────────────────────────────────────────────────────────────────────────────────────────────────────────────────╯[0m
[34m╭─[0m[34m─────────────────────────────────────────────────────────────────────────────[0m[34m Tool Input [0m[34m──────────────────────────────────────────────────────────────────────────────[0m[34m─╮[0m
[34m│[0m                                                                                                                                                                         [34m│[0m
[34m│[0m  [38;2;230;219;116;49m"{\"ohlcv_json\": \"C:\\\\Users\\\\ADARSH NAIK\\\\Desktop\\\\signal_sync\\\\src\\\\signal_sync\\\\ta\\\\cache\\\\INFY.NS_bundle_20260604T152817Z.json\"}"[0m              [34m│[0m
[34m│[0m                                                                                                                                                                         [34m│[0m
[34m╰─────────────────────────────────────────────────────────────────────────────────────────────────────────────────────────────────────────────────────────────────────────╯[0m
[32m╭─[0m[32m─────────────────────────────────────────────────────────────────────────────[0m[32m Tool Output [0m[32m─────────────────────────────────────────────────────────────────────────────[0m[32m─╮[0m
[32m│[0m                                                                                                                                                                         [32m│[0m
[32m│[0m  [92m{"success": true, "trend": {"sma": {"sma20": 1171.825, "sma50": 1220.058, "sma100": null, "sma200": null}, "ema": {"ema20": 1189.206, "ema50": 1211.0095, "ema100": [0m   [32m│[0m
[32m│[0m  [92m1241.3545, "ema200": 1267.8861}}, "momentum": {"rsi14": 63.935, "macd": 1.6192, "macd_signal": -9.1312, "macd_histogram": 10.7504}, "volatility": {"atr14": 33.5429, [0m  [32m│[0m
[32m│[0m  [92m"bb_basis20": 1171.825, "bb_upper20": 1249.7179, "bb_lower20": 1093.9321}, "volume": {"obv": 46396094.0}}[0m                                                              [32m│[0m
[32m│[0m                                                                                                                                                                         [32m│[0m
[32m╰─────────────────────────────────────────────────────────────────────────────────────────────────────────────────────────────────────────────────────────────────────────╯[0m

[32m╭─[0m[32m────────────────────────────────────────────────────────────────────────[0m[32m ✅ Agent Final Answer [0m[32m────────────────────────────────────────────────────────────────────────[0m[32m─╮[0m
[32m│[0m                                                                                                                                                                         [32m│[0m
[32m│[0m  [37mAgent: [0m[1;92mTechnical Indicator Computation Specialist[0m                                                                                                                      [32m│[0m
[32m│[0m                                                                                                                                                                         [32m│[0m
[32m│[0m  [37mFinal Answer:[0m                                                                                                                                                          [32m│[0m
[32m│[0m  [92m{[0m                                                                                                                                                                      [32m│[0m
[32m│[0m  [92m  "trend": {[0m                                                                                                                                                           [32m│[0m
[32m│[0m  [92m    "sma": {[0m                                                                                                                                                           [32m│[0m
[32m│[0m  [92m      "sma20": 1171.825,[0m                                                                                                                                               [32m│[0m
[32m│[0m  [92m      "sma50": 1220.058,[0m                                                                                                                                               [32m│[0m
[32m│[0m  [92m      "sma100": null,[0m                                                                                                                                                  [32m│[0m
[32m│[0m  [92m      "sma200": null[0m                                                                                                                                                   [32m│[0m
[32m│[0m  [92m    },[0m                                                                                                                                                                 [32m│[0m
[32m│[0m  [92m    "ema": {[0m                                                                                                                                                           [32m│[0m
[32m│[0m  [92m      "ema20": 1189.206,[0m                                                                                                                                               [32m│[0m
[32m│[0m  [92m      "ema50": 1211.0095,[0m                                                                                                                                              [32m│[0m
[32m│[0m  [92m      "ema100": 1241.3545,[0m                                                                                                                                             [32m│[0m
[32m│[0m  [92m      "ema200": 1267.8861[0m                                                                                                                                              [32m│[0m
[32m│[0m  [92m    }[0m                                                                                                                                                                  [32m│[0m
[32m│[0m  [92m  },[0m                                                                                                                                                                   [32m│[0m
[32m│[0m  [92m  "momentum": {[0m                                                                                                                                                        [32m│[0m
[32m│[0m  [92m    "rsi14": 63.935,[0m                                                                                                                                                   [32m│[0m
[32m│[0m  [92m    "macd": 1.6192,[0m                                                                                                                                                    [32m│[0m
[32m│[0m  [92m    "macd_signal": -9.1312,[0m                                                                                                                                            [32m│[0m
[32m│[0m  [92m    "macd_histogram": 10.7504[0m                                                                                                                                          [32m│[0m
[32m│[0m  [92m  },[0m                                                                                                                                                                   [32m│[0m
[32m│[0m  [92m  "volatility": {[0m                                                                                                                                                      [32m│[0m
[32m│[0m  [92m    "atr14": 33.5429,[0m                                                                                                                                                  [32m│[0m
[32m│[0m  [92m    "bb_basis20": 1171.825,[0m                                                                                                                                            [32m│[0m
[32m│[0m  [92m    "bb_upper20": 1249.7179,[0m                                                                                                                                           [32m│[0m
[32m│[0m  [92m    "bb_lower20": 1093.9321[0m                                                                                                                                            [32m│[0m
[32m│[0m  [92m  },[0m                                                                                                                                                                   [32m│[0m
[32m│[0m  [92m  "volume": {[0m                                                                                                                                                          [32m│[0m
[32m│[0m  [92m    "obv": 46396094.0[0m                                                                                                                                                  [32m│[0m
[32m│[0m  [92m  }[0m                                                                                                                                                                    [32m│[0m
[32m│[0m  [92m}[0m                                                                                                                                                                      [32m│[0m
[32m│[0m                                                                                                                                                                         [32m│[0m
[32m╰─────────────────────────────────────────────────────────────────────────────────────────────────────────────────────────────────────────────────────────────────────────╯[0m

[33m╭─[0m[33m────────────────────────────────────────────────────────────────────────────[0m[33m Task Started [0m[33m─────────────────────────────────────────────────────────────────────────────[0m[33m─╮[0m
[33m│[0m                                                                                                                                                                         [33m│[0m
[33m│[0m  [1;33m📋 Task: c6841854-d75f-47ae-8b1e-6de98fd051e9[0m                                                                                                                          [33m│[0m
[33m│[0m  [37mStatus: [0m[2;33mExecuting Task...[0m                                                                                                                                              [33m│[0m
[33m│[0m                                                                                                                                                                         [33m│[0m
[33m╰─────────────────────────────────────────────────────────────────────────────────────────────────────────────────────────────────────────────────────────────────────────╯[0m


[35m╭─[0m[35m──────────────────────────────────────────────────────────────────────────[0m[35m 🤖 Agent Started [0m[35m───────────────────────────────────────────────────────────────────────────[0m[35m─╮[0m
[35m│[0m                                                                                                                                                                         [35m│[0m
[35m│[0m  [37mAgent: [0m[1;92mDeterministic Pattern Detection Specialist[0m                                                                                                                      [35m│[0m
[35m│[0m                                                                                                                                                                         [35m│[0m
[35m│[0m  [37mTask: [0m[92mDetect deterministic candlestick and chart patterns from cleaned OHLCV, then render chart and perform advisory-only vision review. Pass the bundle_file path [0m    [35m│[0m
[35m│[0m  [92mfrom market_data_task directly into the tools.[0m                                                                                                                         [35m│[0m
[35m│[0m                                                                                                                                                                         [35m│[0m
[35m│[0m                                                                                                                                                                         [35m│[0m
[35m╰─────────────────────────────────────────────────────────────────────────────────────────────────────────────────────────────────────────────────────────────────────────╯[0m

[35m╭─[0m[35m──────────────────────────────────────[0m[35m 🔧 Agent Tool Execution [0m[35m──────────────────────────────────────[0m[35m─╮[0m
[35m│[0m                                                                                                       [35m│[0m
[35m│[0m  [37mAgent: [0m[1;92mDeterministic Pattern Detection Specialist[0m                                                    [35m│[0m
[35m│[0m                                                                                                       [35m│[0m
[35m│[0m  [37mThought: [0m[92mI need to start by detecting the candlestick patterns from the provided OHLCV data.[0m         [35m│[0m
[35m│[0m                                                                                                       [35m│[0m
[35m│[0m  [37mUsing Tool: [0m[1;92mdetect_candlestick_patterns_tool[0m                                                         [35m│[0m
[35m│[0m                                                                                                       [35m│[0m
[35m╰───────────────────────────────────────────────────────────────────────────────────────────────────────╯[0m
[34m╭─[0m[34m────────────────────────────────────────────[0m[34m Tool Input [0m[34m─────────────────────────────────────────────[0m[34m─╮[0m
[34m│[0m                                                                                                       [34m│[0m
[34m│[0m  [38;2;230;219;116;49m"{\"ohlcv_json\": \"C:\\\\Users\\\\ADARSH NAIK\\\\Desktop\\\\signal_sync\\\\src\\\\signal_sync\\\\t[0m  [34m│[0m
[34m│[0m                                                                                                       [34m│[0m
[34m╰───────────────────────────────────────────────────────────────────────────────────────────────────────╯[0m
[32m╭─[0m[32m────────────────────────────────────────────[0m[32m Tool Output [0m[32m────────────────────────────────────────────[0m[32m─╮[0m
[32m│[0m                                                                                                       [32m│[0m
[32m│[0m  [92m{"success": true, "candlestick_patterns": []}[0m                                                        [32m│[0m
[32m│[0m                                                                                                       [32m│[0m
[32m╰───────────────────────────────────────────────────────────────────────────────────────────────────────╯[0m

[35m╭─[0m[35m──────────────────────────────────────[0m[35m 🔧 Agent Tool Execution [0m[35m──────────────────────────────────────[0m[35m─╮[0m
[35m│[0m                                                                                                       [35m│[0m
[35m│[0m  [37mAgent: [0m[1;92mDeterministic Pattern Detection Specialist[0m                                                    [35m│[0m
[35m│[0m                                                                                                       [35m│[0m
[35m│[0m  [37mThought: [0m[92mNext, I will detect the chart patterns from the same OHLCV data.[0m                            [35m│[0m
[35m│[0m                                                                                                       [35m│[0m
[35m│[0m  [37mUsing Tool: [0m[1;92mdetect_chart_patterns_tool[0m                                                               [35m│[0m
[35m│[0m                                                                                                       [35m│[0m
[35m╰───────────────────────────────────────────────────────────────────────────────────────────────────────╯[0m
[34m╭─[0m[34m────────────────────────────────────────────[0m[34m Tool Input [0m[34m─────────────────────────────────────────────[0m[34m─╮[0m
[34m│[0m                                                                                                       [34m│[0m
[34m│[0m  [38;2;230;219;116;49m"{\"ohlcv_json\": \"C:\\\\Users\\\\ADARSH NAIK\\\\Desktop\\\\signal_sync\\\\src\\\\signal_sync\\\\t[0m  [34m│[0m
[34m│[0m                                                                                                       [34m│[0m
[34m╰───────────────────────────────────────────────────────────────────────────────────────────────────────╯[0m
[32m╭─[0m[32m────────────────────────────────────────────[0m[32m Tool Output [0m[32m────────────────────────────────────────────[0m[32m─╮[0m
[32m│[0m                                                                                                       [32m│[0m
[32m│[0m  [92m{"success": true, "chart_patterns": []}[0m                                                              [32m│[0m
[32m│[0m                                                                                                       [32m│[0m
[32m╰───────────────────────────────────────────────────────────────────────────────────────────────────────╯[0m

[35m╭─[0m[35m──────────────────────────────────────[0m[35m 🔧 Agent Tool Execution [0m[35m──────────────────────────────────────[0m[35m─╮[0m
[35m│[0m                                                                                                       [35m│[0m
[35m│[0m  [37mAgent: [0m[1;92mDeterministic Pattern Detection Specialist[0m                                                    [35m│[0m
[35m│[0m                                                                                                       [35m│[0m
[35m│[0m  [37mThought: [0m[92mNow, I will render the chart using the OHLCV data.[0m                                          [35m│[0m
[35m│[0m                                                                                                       [35m│[0m
[35m│[0m  [37mUsing Tool: [0m[1;92mrender_chart_tool[0m                                                                        [35m│[0m
[35m│[0m                                                                                                       [35m│[0m
[35m╰───────────────────────────────────────────────────────────────────────────────────────────────────────╯[0m
[34m╭─[0m[34m────────────────────────────────────────────[0m[34m Tool Input [0m[34m─────────────────────────────────────────────[0m[34m─╮[0m
[34m│[0m                                                                                                       [34m│[0m
[34m│[0m  [38;2;230;219;116;49m"{\"ohlcv_json\": \"C:\\\\Users\\\\ADARSH NAIK\\\\Desktop\\\\signal_sync\\\\src\\\\signal_sync\\\\t[0m  [34m│[0m
[34m│[0m                                                                                                       [34m│[0m
[34m╰───────────────────────────────────────────────────────────────────────────────────────────────────────╯[0m
[32m╭─[0m[32m────────────────────────────────────────────[0m[32m Tool Output [0m[32m────────────────────────────────────────────[0m[32m─╮[0m
[32m│[0m                                                                                                       [32m│[0m
[32m│[0m  [92m{'success': True, 'chart_path': 'C:\\Users\\ADARSH [0m                                                  [32m│[0m
[32m│[0m  [92mNAIK\\Desktop\\signal_sync\\src\\signal_sync\\ta\\charts\\INFY.NS_20260604T152835Z.png', [0m            [32m│[0m
[32m│[0m  [92m'rows_rendered': 63, 'source_key': 'daily_ohlcv'}[0m                                                    [32m│[0m
[32m│[0m                                                                                                       [32m│[0m
[32m│[0m                                                                                                       [32m│[0m
[32m│[0m  [92mYou ONLY have access to the following tools, and should NEVER make up tools that are not listed [0m     [32m│[0m
[32m│[0m  [92mhere:[0m                                                                                                [32m│[0m
[32m│[0m                                                                                                       [32m│[0m
[32m│[0m  [92mTool Name: detect_candlestick_patterns_tool[0m                                                          [32m│[0m
[32m│[0m  [92mTool Arguments: {'ohlcv_json': {'description': 'JSON string or file path containing OHLCV [0m           [32m│[0m
[32m│[0m  [92mlist/object. Supports keys: ohlcv, daily_ohlcv, weekly_ohlcv.', 'type': 'str'}}[0m                      [32m│[0m
[32m│[0m  [92mTool Description: Detect deterministic candlestick patterns: doji, hammer, engulfing, shooting [0m      [32m│[0m
[32m│[0m  [92mstar.[0m                                                                                                [32m│[0m
[32m│[0m  [92mTool Name: detect_chart_patterns_tool[0m                                                                [32m│[0m
[32m│[0m  [92mTool Arguments: {'ohlcv_json': {'description': 'JSON string or file path containing OHLCV [0m           [32m│[0m
[32m│[0m  [92mlist/object. Supports keys: ohlcv, daily_ohlcv, weekly_ohlcv.', 'type': 'str'}}[0m                      [32m│[0m
[32m│[0m  [92mTool Description: Detect deterministic chart structures using local extrema: double top, double [0m     [32m│[0m
[32m│[0m  [92mbottom, channel proxy.[0m                                                                               [32m│[0m
[32m│[0m  [92mTool Name: render_chart_tool[0m                                                                         [32m│[0m
[32m│[0m  [92mTool Arguments: {'ohlcv_json': {'description': 'JSON string or file path containing OHLCV [0m           [32m│[0m
[32m│[0m  [92mlist/object. Supports bundle keys: ohlcv, daily_ohlcv, weekly_ohlcv.', 'type': 'str'}, 'ticker': [0m    [32m│[0m
[32m│[0m  [92m{'description': 'Ticker symbol for chart title and filename.', 'type': 'str'}, 'include_rsi': [0m       [32m│[0m
[32m│[0m  [92m{'description': 'Render optional RSI panel.', 'type': 'bool'}}[0m                                       [32m│[0m
[32m│[0m  [92mTool Description: Render internal TA chart PNG (price-volume + EMA overlays, optional RSI).[0m          [32m│[0m
[32m│[0m  [92mTool Name: vision_review_tool[0m                                                                        [32m│[0m
[32m│[0m  [92mTool Arguments: {'chart_path': {'description': 'Absolute path to generated chart image file.', [0m      [32m│[0m
[32m│[0m  [92m'type': 'str'}, 'model': {'description': 'Vision-capable model name.', 'type': 'str'}}[0m               [32m│[0m
[32m│[0m  [92mTool Description: Advisory visual review of generated chart. Deterministic tools remain [0m             [32m│[0m
[32m│[0m  [92msource-of-truth.[0m                                                                                     [32m│[0m
[32m│[0m                                                                                                       [32m│[0m
[32m│[0m  [92mIMPORTANT: Use the following format in your response:[0m                                                [32m│[0m
[32m│[0m                                                                                                       [32m│[0m
[32m│[0m  [92m```[0m                                                                                                  [32m│[0m
[32m│[0m  [92mThought: you should always think about what to do[0m                                                    [32m│[0m
[32m│[0m  [92mAction: the action to take, only one name of [detect_candlestick_patterns_tool, [0m                     [32m│[0m
[32m│[0m  [92mdetect_chart_patterns_tool, render_chart_tool, vision_review_tool], just the name, exact...[0m          [32m│[0m
[32m│[0m                                                                                                       [32m│[0m
[32m╰───────────────────────────────────────────────────────────────────────────────────────────────────────╯[0m

[35m╭─[0m[35m──────────────────────────────────────[0m[35m 🔧 Agent Tool Execution [0m[35m──────────────────────────────────────[0m[35m─╮[0m
[35m│[0m                                                                                                       [35m│[0m
[35m│[0m  [37mAgent: [0m[1;92mDeterministic Pattern Detection Specialist[0m                                                    [35m│[0m
[35m│[0m                                                                                                       [35m│[0m
[35m│[0m  [37mThought: [0m[92mFinally, I will perform an advisory visual review of the generated chart.[0m                   [35m│[0m
[35m│[0m                                                                                                       [35m│[0m
[35m│[0m  [37mUsing Tool: [0m[1;92mvision_review_tool[0m                                                                       [35m│[0m
[35m│[0m                                                                                                       [35m│[0m
[35m╰───────────────────────────────────────────────────────────────────────────────────────────────────────╯[0m
[34m╭─[0m[34m────────────────────────────────────────────[0m[34m Tool Input [0m[34m─────────────────────────────────────────────[0m[34m─╮[0m
[34m│[0m                                                                                                       [34m│[0m
[34m│[0m  [38;2;230;219;116;49m"{\"chart_path\": \"C:\\\\Users\\\\ADARSH NAIK\\\\Desktop\\\\signal_sync\\\\src\\\\signal_sync\\\\t[0m  [34m│[0m
[34m│[0m                                                                                                       [34m│[0m
[34m╰───────────────────────────────────────────────────────────────────────────────────────────────────────╯[0m
[32m╭─[0m[32m────────────────────────────────────────────[0m[32m Tool Output [0m[32m────────────────────────────────────────────[0m[32m─╮[0m
[32m│[0m                                                                                                       [32m│[0m
[32m│[0m  [92m{'success': True, 'visual_summary': 'Vision review unavailable (Error code: 400 - {\'error\': [0m       [32m│[0m
[32m│[0m  [92m{\'message\': "The requested model \'standard\' does not exist.", \'type\': [0m                         [32m│[0m
[32m│[0m  [92m\'invalid_request_error\', \'param\': \'model\', \'code\': \'model_not_found\'}}). Continue with [0m    [32m│[0m
[32m│[0m  [92mdeterministic results.', 'confidence': 0.0, 'advisory_only': True, 'image_analysis_status': [0m         [32m│[0m
[32m│[0m  [92m'unavailable', 'chart_path': 'C:\\Users\\ADARSH [0m                                                     [32m│[0m
[32m│[0m  [92mNAIK\\Desktop\\signal_sync\\src\\signal_sync\\ta\\charts\\INFY.NS_20260604T152835Z.png', 'model': [0m   [32m│[0m
[32m│[0m  [92m'standard', 'error': 'Error code: 400 - {\'error\': {\'message\': "The requested model \'standard\'[0m  [32m│[0m
[32m│[0m  [92mdoes not exist.", \'type\': \'invalid_request_error\', \'param\': \'model\', \'code\': [0m              [32m│[0m
[32m│[0m  [92m\'model_not_found\'}}'}[0m                                                                              [32m│[0m
[32m│[0m                                                                                                       [32m│[0m
[32m╰───────────────────────────────────────────────────────────────────────────────────────────────────────╯[0m

[32m╭─[0m[32m───────────────────────────────────────[0m[32m ✅ Agent Final Answer [0m[32m───────────────────────────────────────[0m[32m─╮[0m
[32m│[0m                                                                                                       [32m│[0m
[32m│[0m  [37mAgent: [0m[1;92mDeterministic Pattern Detection Specialist[0m                                                    [32m│[0m
[32m│[0m                                                                                                       [32m│[0m
[32m│[0m  [37mFinal Answer:[0m                                                                                        [32m│[0m
[32m│[0m  [92m{[0m                                                                                                    [32m│[0m
[32m│[0m  [92m  "candlestick_patterns": [],[0m                                                                        [32m│[0m
[32m│[0m  [92m  "chart_patterns": [],[0m                                                                              [32m│[0m
[32m│[0m  [92m  "chart_path": "C:\\Users\\ADARSH [0m                                                                  [32m│[0m
[32m│[0m  [92mNAIK\\Desktop\\signal_sync\\src\\signal_sync\\ta\\charts\\INFY.NS_20260604T152835Z.png",[0m             [32m│[0m
[32m│[0m  [92m  "visual_review": {[0m                                                                                 [32m│[0m
[32m│[0m  [92m    "success": true,[0m                                                                                 [32m│[0m
[32m│[0m  [92m    "visual_summary": "Vision review unavailable (Error code: 400 - {'error': {'message': 'The [0m      [32m│[0m
[32m│[0m  [92mrequested model \'standard\' does not exist.', 'type': 'invalid_request_error', 'param': 'model', [0m   [32m│[0m
[32m│[0m  [92m'code': 'model_not_found'}}). Continue with deterministic results.",[0m                                 [32m│[0m
[32m│[0m  [92m    "confidence": 0.0,[0m                                                                               [32m│[0m
[32m│[0m  [92m    "advisory_only": true,[0m                                                                           [32m│[0m
[32m│[0m  [92m    "image_analysis_status": "unavailable",[0m                                                          [32m│[0m
[32m│[0m  [92m    "error": "Error code: 400 - {'error': {'message': 'The requested model \'standard\' does not [0m    [32m│[0m
[32m│[0m  [92mexist.', 'type': 'invalid_request_error', 'param': 'model', 'code': 'model_not_found'}}"[0m             [32m│[0m
[32m│[0m  [92m  }[0m                                                                                                  [32m│[0m
[32m│[0m  [92m}[0m                                                                                                    [32m│[0m
[32m│[0m                                                                                                       [32m│[0m
[32m╰───────────────────────────────────────────────────────────────────────────────────────────────────────╯[0m

[33m╭─[0m[33m───────────────────────────────────────────[0m[33m Task Started [0m[33m────────────────────────────────────────────[0m[33m─╮[0m
[33m│[0m                                                                                                       [33m│[0m
[33m│[0m  [1;33m📋 Task: a6aaedca-1925-4dff-a717-78637f0c0eff[0m                                                        [33m│[0m
[33m│[0m  [37mStatus: [0m[2;33mExecuting Task...[0m                                                                            [33m│[0m
[33m│[0m                                                                                                       [33m│[0m
[33m╰───────────────────────────────────────────────────────────────────────────────────────────────────────╯[0m


[35m╭─[0m[35m─────────────────────────────────────────[0m[35m 🤖 Agent Started [0m[35m──────────────────────────────────────────[0m[35m─╮[0m
[35m│[0m                                                                                                       [35m│[0m
[35m│[0m  [37mAgent: [0m[1;92mSupport and Resistance Structure Specialist[0m                                                   [35m│[0m
[35m│[0m                                                                                                       [35m│[0m
[35m│[0m  [37mTask: [0m[92mBuild support and resistance zones by combining swings, clustered levels, volume zones, and [0m   [35m│[0m
[35m│[0m  [92mdynamic EMA levels with weighted confidence. Pass the bundle_file path from market_data_task [0m        [35m│[0m
[35m│[0m  [92mdirectly into the tools.[0m                                                                             [35m│[0m
[35m│[0m                                                                                                       [35m│[0m
[35m│[0m                                                                                                       [35m│[0m
[35m╰───────────────────────────────────────────────────────────────────────────────────────────────────────╯[0m

[35m╭─[0m[35m──────────────────────────────────────[0m[35m 🔧 Agent Tool Execution [0m[35m──────────────────────────────────────[0m[35m─╮[0m
[35m│[0m                                                                                                       [35m│[0m
[35m│[0m  [37mAgent: [0m[1;92mSupport and Resistance Structure Specialist[0m                                                   [35m│[0m
[35m│[0m                                                                                                       [35m│[0m
[35m│[0m  [37mThought: [0m[92mThought: I will begin by identifying swing highs and lows using the `find_swings_tool` to [0m  [35m│[0m
[35m│[0m  [92mgather the initial levels of support and resistance.[0m                                                 [35m│[0m
[35m│[0m                                                                                                       [35m│[0m
[35m│[0m  [37mUsing Tool: [0m[1;92mfind_swings_tool[0m                                                                         [35m│[0m
[35m│[0m                                                                                                       [35m│[0m
[35m╰───────────────────────────────────────────────────────────────────────────────────────────────────────╯[0m
[34m╭─[0m[34m────────────────────────────────────────────[0m[34m Tool Input [0m[34m─────────────────────────────────────────────[0m[34m─╮[0m
[34m│[0m                                                                                                       [34m│[0m
[34m│[0m  [38;2;230;219;116;49m"{\"ohlcv_json\": \"C:\\\\Users\\\\ADARSH NAIK\\\\Desktop\\\\signal_sync\\\\src\\\\signal_sync\\\\t[0m  [34m│[0m
[34m│[0m                                                                                                       [34m│[0m
[34m╰───────────────────────────────────────────────────────────────────────────────────────────────────────╯[0m
[32m╭─[0m[32m────────────────────────────────────────────[0m[32m Tool Output [0m[32m────────────────────────────────────────────[0m[32m─╮[0m
[32m│[0m                                                                                                       [32m│[0m
[32m│[0m  [92m{'success': True, 'swing_highs': [1267.1, 1279.1, 1346.2, 1319.2, 1181.8, 1179.2, 1196.9, 1270.8], [0m  [32m│[0m
[32m│[0m  [92m'swing_lows': [1220.8, 1250.6, 1276.8, 1152.1, 1162.7, 1095.0, 1159.9]}[0m                              [32m│[0m
[32m│[0m                                                                                                       [32m│[0m
[32m╰───────────────────────────────────────────────────────────────────────────────────────────────────────╯[0m

[35m╭─[0m[35m──────────────────────────────────────[0m[35m 🔧 Agent Tool Execution [0m[35m──────────────────────────────────────[0m[35m─╮[0m
[35m│[0m                                                                                                       [35m│[0m
[35m│[0m  [37mAgent: [0m[1;92mSupport and Resistance Structure Specialist[0m                                                   [35m│[0m
[35m│[0m                                                                                                       [35m│[0m
[35m│[0m  [37mThought: [0m[92mThought: Now that I have the swing highs and lows, I will cluster these levels to create [0m   [35m│[0m
[35m│[0m  [92mdefined support and resistance zones using the `cluster_levels_tool`.[0m                                [35m│[0m
[35m│[0m                                                                                                       [35m│[0m
[35m│[0m  [37mUsing Tool: [0m[1;92mcluster_levels_tool[0m                                                                      [35m│[0m
[35m│[0m                                                                                                       [35m│[0m
[35m╰───────────────────────────────────────────────────────────────────────────────────────────────────────╯[0m
[34m╭─[0m[34m────────────────────────────────────────────[0m[34m Tool Input [0m[34m─────────────────────────────────────────────[0m[34m─╮[0m
[34m│[0m                                                                                                       [34m│[0m
[34m│[0m  [38;2;230;219;116;49m"{\"levels_json\": \"{\\\"levels\\\": [1267.1, 1279.1, 1346.2, 1319.2, 1181.8, 1179.2, 1196.9, 1270[0m  [34m│[0m
[34m│[0m                                                                                                       [34m│[0m
[34m╰───────────────────────────────────────────────────────────────────────────────────────────────────────╯[0m
[32m╭─[0m[32m────────────────────────────────────────────[0m[32m Tool Output [0m[32m────────────────────────────────────────────[0m[32m─╮[0m
[32m│[0m                                                                                                       [32m│[0m
[32m│[0m  [92m{'success': True, 'clusters': [1223.88]}[0m                                                             [32m│[0m
[32m│[0m                                                                                                       [32m│[0m
[32m╰───────────────────────────────────────────────────────────────────────────────────────────────────────╯[0m

[35m╭─[0m[35m──────────────────────────────────────[0m[35m 🔧 Agent Tool Execution [0m[35m──────────────────────────────────────[0m[35m─╮[0m
[35m│[0m                                                                                                       [35m│[0m
[35m│[0m  [37mAgent: [0m[1;92mSupport and Resistance Structure Specialist[0m                                                   [35m│[0m
[35m│[0m                                                                                                       [35m│[0m
[35m│[0m  [37mThought: [0m[92mThought: Next, I will identify the high-participation price zones using volume [0m             [35m│[0m
[35m│[0m  [92mconcentration by applying the `volume_zone_tool` to gain further evidence for the support and [0m       [35m│[0m
[35m│[0m  [92mresistance zones.[0m                                                                                    [35m│[0m
[35m│[0m                                                                                                       [35m│[0m
[35m│[0m  [37mUsing Tool: [0m[1;92mvolume_zone_tool[0m                                                                         [35m│[0m
[35m│[0m                                                                                                       [35m│[0m
[35m╰───────────────────────────────────────────────────────────────────────────────────────────────────────╯[0m
[34m╭─[0m[34m────────────────────────────────────────────[0m[34m Tool Input [0m[34m─────────────────────────────────────────────[0m[34m─╮[0m
[34m│[0m                                                                                                       [34m│[0m
[34m│[0m  [38;2;230;219;116;49m"{\"ohlcv_json\": \"C:\\\\Users\\\\ADARSH NAIK\\\\Desktop\\\\signal_sync\\\\src\\\\signal_sync\\\\t[0m  [34m│[0m
[34m│[0m                                                                                                       [34m│[0m
[34m╰───────────────────────────────────────────────────────────────────────────────────────────────────────╯[0m
[32m╭─[0m[32m────────────────────────────────────────────[0m[32m Tool Output [0m[32m────────────────────────────────────────────[0m[32m─╮[0m
[32m│[0m                                                                                                       [32m│[0m
[32m│[0m  [92m{'success': True, 'volume_zones': [{'zone_low': 1157.8, 'zone_high': 1189.2, 'volume_weight': [0m       [32m│[0m
[32m│[0m  [92m200921891.0}, {'zone_low': 1252.0, 'zone_high': 1283.4, 'volume_weight': 179708762.0}, {'zone_low':[0m  [32m│[0m
[32m│[0m  [92m1283.4, 'zone_high': 1314.8, 'volume_weight': 115485754.0}]}[0m                                         [32m│[0m
[32m│[0m                                                                                                       [32m│[0m
[32m│[0m                                                                                                       [32m│[0m
[32m│[0m  [92mYou ONLY have access to the following tools, and should NEVER make up tools that are not listed [0m     [32m│[0m
[32m│[0m  [92mhere:[0m                                                                                                [32m│[0m
[32m│[0m                                                                                                       [32m│[0m
[32m│[0m  [92mTool Name: find_swings_tool[0m                                                                          [32m│[0m
[32m│[0m  [92mTool Arguments: {'ohlcv_json': {'description': 'JSON string or file path containing OHLCV [0m           [32m│[0m
[32m│[0m  [92mlist/object. Supports keys: ohlcv, daily_ohlcv, weekly_ohlcv.', 'type': 'str'}}[0m                      [32m│[0m
[32m│[0m  [92mTool Description: Detect swing highs/lows using scipy find_peaks with prominence and distance.[0m       [32m│[0m
[32m│[0m  [92mTool Name: cluster_levels_tool[0m                                                                       [32m│[0m
[32m│[0m  [92mTool Arguments: {'levels_json': {'description': 'JSON list of numeric levels or object containing [0m   [32m│[0m
[32m│[0m  [92mlevels list.', 'type': 'str'}, 'threshold_pct': {'description': 'Cluster threshold as % of level, [0m   [32m│[0m
[32m│[0m  [92mdefault 0.5%.', 'type': 'float'}}[0m                                                                    [32m│[0m
[32m│[0m  [92mTool Description: Merge nearby levels into support/resistance zones using threshold clustering.[0m      [32m│[0m
[32m│[0m  [92mTool Name: volume_zone_tool[0m                                                                          [32m│[0m
[32m│[0m  [92mTool Arguments: {'ohlcv_json': {'description': 'JSON string or file path containing OHLCV [0m           [32m│[0m
[32m│[0m  [92mlist/object. Supports keys: ohlcv, daily_ohlcv, weekly_ohlcv.', 'type': 'str'}}[0m                      [32m│[0m
[32m│[0m  [92mTool Description: Identify high-participation price zones using volume concentration bins.[0m           [32m│[0m
[32m│[0m  [92mTool Name: dynamic_sr_tool[0m                                                                           [32m│[0m
[32m│[0m  [92mTool Arguments: {'ohlcv_json': {'description': 'JSON string or file path containing OHLCV [0m           [32m│[0m
[32m│[0m  [92mlist/object. Supports keys: ohlcv, daily_ohlcv, weekly_ohlcv.', 'type': 'str'}}[0m                      [32m│[0m
[32m│[0m  [92mTool Description: Use EMA50/100/200 as dynamic support/resistance context.[0m                           [32m│[0m
[32m│[0m                                                                                                       [32m│[0m
[32m│[0m  [92mIMPORTANT: Use the following format in your response:[0m                                                [32m│[0m
[32m│[0m                                                                                                       [32m│[0m
[32m│[0m  [92m```[0m                                                                                                  [32m│[0m
[32m│[0m  [92mThought: you should always think about what to do[0m                                                    [32m│[0m
[32m│[0m  [92mAction: the action to take, only one name of [find_swings_tool, cluster_levels_tool, [0m                [32m│[0m
[32m│[0m  [92mvolume_zone_tool, dynamic_sr_tool], just the name, exactly as it's written.[0m                          [32m│[0m
[32m│[0m  [92mAction Input: the input to the action, just a simple JSON object, enclosed in curly braces, using "[0m  [32m│[0m
[32m│[0m  [92mto wrap keys and values.[0m                                                                             [32m│[0m
[32m│[0m  [92mObservation: the result of the...[0m                                                                    [32m│[0m
[32m│[0m                                                                                                       [32m│[0m
[32m╰───────────────────────────────────────────────────────────────────────────────────────────────────────╯[0m

[35m╭─[0m[35m──────────────────────────────────────[0m[35m 🔧 Agent Tool Execution [0m[35m──────────────────────────────────────[0m[35m─╮[0m
[35m│[0m                                                                                                       [35m│[0m
[35m│[0m  [37mAgent: [0m[1;92mSupport and Resistance Structure Specialist[0m                                                   [35m│[0m
[35m│[0m                                                                                                       [35m│[0m
[35m│[0m  [37mThought: [0m[92mThought: Finally, I will use the `dynamic_sr_tool` to incorporate dynamic support and [0m      [35m│[0m
[35m│[0m  [92mresistance levels based on the EMA context for further analysis.[0m                                     [35m│[0m
[35m│[0m                                                                                                       [35m│[0m
[35m│[0m  [37mUsing Tool: [0m[1;92mdynamic_sr_tool[0m                                                                          [35m│[0m
[35m│[0m                                                                                                       [35m│[0m
[35m╰───────────────────────────────────────────────────────────────────────────────────────────────────────╯[0m
[34m╭─[0m[34m────────────────────────────────────────────[0m[34m Tool Input [0m[34m─────────────────────────────────────────────[0m[34m─╮[0m
[34m│[0m                                                                                                       [34m│[0m
[34m│[0m  [38;2;230;219;116;49m"{\"ohlcv_json\": \"C:\\\\Users\\\\ADARSH NAIK\\\\Desktop\\\\signal_sync\\\\src\\\\signal_sync\\\\t[0m  [34m│[0m
[34m│[0m                                                                                                       [34m│[0m
[34m╰───────────────────────────────────────────────────────────────────────────────────────────────────────╯[0m
[32m╭─[0m[32m────────────────────────────────────────────[0m[32m Tool Output [0m[32m────────────────────────────────────────────[0m[32m─╮[0m
[32m│[0m                                                                                                       [32m│[0m
[32m│[0m  [92m{'success': True, 'close': 1201.3, 'ema_levels': {'ema50': 1211.0095, 'ema100': 1241.3545, [0m          [32m│[0m
[32m│[0m  [92m'ema200': 1267.8861}, 'dynamic_support': [], 'dynamic_resistance': [1211.0095, 1241.3545, [0m           [32m│[0m
[32m│[0m  [92m1267.8861]}[0m                                                                                          [32m│[0m
[32m│[0m                                                                                                       [32m│[0m
[32m╰───────────────────────────────────────────────────────────────────────────────────────────────────────╯[0m

[32m╭─[0m[32m───────────────────────────────────────[0m[32m ✅ Agent Final Answer [0m[32m───────────────────────────────────────[0m[32m─╮[0m
[32m│[0m                                                                                                       [32m│[0m
[32m│[0m  [37mAgent: [0m[1;92mSupport and Resistance Structure Specialist[0m                                                   [32m│[0m
[32m│[0m                                                                                                       [32m│[0m
[32m│[0m  [37mFinal Answer:[0m                                                                                        [32m│[0m
[32m│[0m  [92m{[0m                                                                                                    [32m│[0m
[32m│[0m  [92m  "support_zones": [[0m                                                                                 [32m│[0m
[32m│[0m  [92m    {[0m                                                                                                [32m│[0m
[32m│[0m  [92m      "zone": 1157.8,[0m                                                                                [32m│[0m
[32m│[0m  [92m      "evidence": [[0m                                                                                  [32m│[0m
[32m│[0m  [92m        "Swing Low",[0m                                                                                 [32m│[0m
[32m│[0m  [92m        "Volume Zone"[0m                                                                                [32m│[0m
[32m│[0m  [92m      ],[0m                                                                                             [32m│[0m
[32m│[0m  [92m      "confidence_score": 0.75[0m                                                                       [32m│[0m
[32m│[0m  [92m    },[0m                                                                                               [32m│[0m
[32m│[0m  [92m    {[0m                                                                                                [32m│[0m
[32m│[0m  [92m      "zone": 1196.9,[0m                                                                                [32m│[0m
[32m│[0m  [92m      "evidence": [[0m                                                                                  [32m│[0m
[32m│[0m  [92m        "Volume Zone",[0m                                                                               [32m│[0m
[32m│[0m  [92m        "EMA50"[0m                                                                                      [32m│[0m
[32m│[0m  [92m      ],[0m                                                                                             [32m│[0m
[32m│[0m  [92m      "confidence_score": 0.7[0m                                                                        [32m│[0m
[32m│[0m  [92m    }[0m                                                                                                [32m│[0m
[32m│[0m  [92m  ],[0m                                                                                                 [32m│[0m
[32m│[0m  [92m  "resistance_zones": [[0m                                                                              [32m│[0m
[32m│[0m  [92m    {[0m                                                                                                [32m│[0m
[32m│[0m  [92m      "zone": 1267.8861,[0m                                                                             [32m│[0m
[32m│[0m  [92m      "evidence": [[0m                                                                                  [32m│[0m
[32m│[0m  [92m        "EMA200",[0m                                                                                    [32m│[0m
[32m│[0m  [92m        "Swing High"[0m                                                                                 [32m│[0m
[32m│[0m  [92m      ],[0m                                                                                             [32m│[0m
[32m│[0m  [92m      "confidence_score": 0.85[0m                                                                       [32m│[0m
[32m│[0m  [92m    },[0m                                                                                               [32m│[0m
[32m│[0m  [92m    {[0m                                                                                                [32m│[0m
[32m│[0m  [92m      "zone": 1319.2,[0m                                                                                [32m│[0m
[32m│[0m  [92m      "evidence": [[0m                                                                                  [32m│[0m
[32m│[0m  [92m        "Swing High",[0m                                                                                [32m│[0m
[32m│[0m  [92m        "Cluster Level"[0m                                                                              [32m│[0m
[32m│[0m  [92m      ],[0m                                                                                             [32m│[0m
[32m│[0m  [92m      "confidence_score": 0.8[0m                                                                        [32m│[0m
[32m│[0m  [92m    }[0m                                                                                                [32m│[0m
[32m│[0m  [92m  ],[0m                                                                                                 [32m│[0m
[32m│[0m  [92m  "evidence_by_layer": {[0m                                                                             [32m│[0m
[32m│[0m  [92m    "swings": [1267.1, 1279.1, 1346.2, 1319.2, 1181.8, 1179.2, 1196.9, 1270.8, 1220.8, 1250.6, [0m      [32m│[0m
[32m│[0m  [92m1276.8, 1152.1, 1162.7, 1095.0, 1159.9],[0m                                                             [32m│[0m
[32m│[0m  [92m    "clusters": [1223.88],[0m                                                                           [32m│[0m
[32m│[0m  [92m    "volume_zones": [[0m                                                                                [32m│[0m
[32m│[0m  [92m      {"zone_low": 1157.8, "zone_high": 1189.2, "volume_weight": 200921891.0},[0m                       [32m│[0m
[32m│[0m  [92m      {"zone_low": 1252.0, "zone_high": 1283.4, "volume_weight": 179708762.0}[0m                        [32m│[0m
[32m│[0m  [92m    ],[0m                                                                                               [32m│[0m
[32m│[0m  [92m    "dynamic_levels": [1211.0095, 1241.3545, 1267.8861][0m                                              [32m│[0m
[32m│[0m  [92m  },[0m                                                                                                 [32m│[0m
[32m│[0m  [92m  "confidence_scores": {[0m                                                                             [32m│[0m
[32m│[0m  [92m    "high": 0.85,[0m                                                                                    [32m│[0m
[32m│[0m  [92m    "medium": 0.7,[0m                                                                                   [32m│[0m
[32m│[0m  [92m    "low": 0.5[0m                                                                                       [32m│[0m
[32m│[0m  [92m  }[0m                                                                                                  [32m│[0m
[32m│[0m  [92m}[0m                                                                                                    [32m│[0m
[32m│[0m                                                                                                       [32m│[0m
[32m╰───────────────────────────────────────────────────────────────────────────────────────────────────────╯[0m

[33m╭─[0m[33m───────────────────────────────────────────[0m[33m Task Started [0m[33m────────────────────────────────────────────[0m[33m─╮[0m
[33m│[0m                                                                                                       [33m│[0m
[33m│[0m  [1;33m📋 Task: 040cfff7-1d1d-477d-83eb-e30e5809902b[0m                                                        [33m│[0m
[33m│[0m  [37mStatus: [0m[2;33mExecuting Task...[0m                                                                            [33m│[0m
[33m│[0m                                                                                                       [33m│[0m
[33m╰───────────────────────────────────────────────────────────────────────────────────────────────────────╯[0m


[35m╭─[0m[35m─────────────────────────────────────────[0m[35m 🤖 Agent Started [0m[35m──────────────────────────────────────────[0m[35m─╮[0m
[35m│[0m                                                                                                       [35m│[0m
[35m│[0m  [37mAgent: [0m[1;92mTechnical Thesis and Signal Reasoning Specialist[0m                                              [35m│[0m
[35m│[0m                                                                                                       [35m│[0m
[35m│[0m  [37mTask: [0m[92mSynthesize indicators, patterns, support/resistance, and visual advisory into technical [0m       [35m│[0m
[35m│[0m  [92mstance, confidence, and thesis for medium/long term.[0m                                                 [35m│[0m
[35m│[0m                                                                                                       [35m│[0m
[35m│[0m                                                                                                       [35m│[0m
[35m╰───────────────────────────────────────────────────────────────────────────────────────────────────────╯[0m

[32m╭─[0m[32m───────────────────────────────────────[0m[32m ✅ Agent Final Answer [0m[32m───────────────────────────────────────[0m[32m─╮[0m
[32m│[0m                                                                                                       [32m│[0m
[32m│[0m  [37mAgent: [0m[1;92mTechnical Thesis and Signal Reasoning Specialist[0m                                              [32m│[0m
[32m│[0m                                                                                                       [32m│[0m
[32m│[0m  [37mFinal Answer:[0m                                                                                        [32m│[0m
[32m│[0m  [92m```json[0m                                                                                              [32m│[0m
[32m│[0m  [92m{[0m                                                                                                    [32m│[0m
[32m│[0m  [92m  "stance": "bullish",[0m                                                                               [32m│[0m
[32m│[0m  [92m  "confidence": 0.75,[0m                                                                                [32m│[0m
[32m│[0m  [92m  "thesis": "The market is trending upwards with increasing momentum indicators and a favorable [0m     [32m│[0m
[32m│[0m  [92mconfiguration of support and resistance zones. The current price is resting near strong support [0m     [32m│[0m
[32m│[0m  [92mlevels, and despite slight volatility fluctuations, overall positive momentum suggests potential [0m    [32m│[0m
[32m│[0m  [92mupward movement.",[0m                                                                                   [32m│[0m
[32m│[0m  [92m  "key_supporting_evidence": {[0m                                                                       [32m│[0m
[32m│[0m  [92m    "trend_analysis": {[0m                                                                              [32m│[0m
[32m│[0m  [92m      "sma": {[0m                                                                                       [32m│[0m
[32m│[0m  [92m        "sma20": 1171.825,[0m                                                                           [32m│[0m
[32m│[0m  [92m        "sma50": 1220.058[0m                                                                            [32m│[0m
[32m│[0m  [92m      },[0m                                                                                             [32m│[0m
[32m│[0m  [92m      "ema": {[0m                                                                                       [32m│[0m
[32m│[0m  [92m        "ema20": 1189.206,[0m                                                                           [32m│[0m
[32m│[0m  [92m        "ema50": 1211.0095[0m                                                                           [32m│[0m
[32m│[0m  [92m      }[0m                                                                                              [32m│[0m
[32m│[0m  [92m    },[0m                                                                                               [32m│[0m
[32m│[0m  [92m    "momentum_indicators": {[0m                                                                         [32m│[0m
[32m│[0m  [92m      "rsi14": 63.935,[0m                                                                               [32m│[0m
[32m│[0m  [92m      "macd": {[0m                                                                                      [32m│[0m
[32m│[0m  [92m        "value": 1.6192,[0m                                                                             [32m│[0m
[32m│[0m  [92m        "signal": -9.1312,[0m                                                                           [32m│[0m
[32m│[0m  [92m        "histogram": 10.7504[0m                                                                         [32m│[0m
[32m│[0m  [92m      }[0m                                                                                              [32m│[0m
[32m│[0m  [92m    },[0m                                                                                               [32m│[0m
[32m│[0m  [92m    "volatility_measures": {[0m                                                                         [32m│[0m
[32m│[0m  [92m      "atr14": 33.5429,[0m                                                                              [32m│[0m
[32m│[0m  [92m      "bollinger_bands": {[0m                                                                           [32m│[0m
[32m│[0m  [92m        "upper": 1249.7179,[0m                                                                          [32m│[0m
[32m│[0m  [92m        "lower": 1093.9321[0m                                                                           [32m│[0m
[32m│[0m  [92m      }[0m                                                                                              [32m│[0m
[32m│[0m  [92m    },[0m                                                                                               [32m│[0m
[32m│[0m  [92m    "volume_analysis": {[0m                                                                             [32m│[0m
[32m│[0m  [92m      "on_balance_volume": 46396094.0[0m                                                                [32m│[0m
[32m│[0m  [92m    },[0m                                                                                               [32m│[0m
[32m│[0m  [92m    "support_zones": [[0m                                                                               [32m│[0m
[32m│[0m  [92m      {[0m                                                                                              [32m│[0m
[32m│[0m  [92m        "zone": 1157.8,[0m                                                                              [32m│[0m
[32m│[0m  [92m        "evidence": ["Swing Low", "Volume Zone"],[0m                                                    [32m│[0m
[32m│[0m  [92m        "confidence_score": 0.75[0m                                                                     [32m│[0m
[32m│[0m  [92m      },[0m                                                                                             [32m│[0m
[32m│[0m  [92m      {[0m                                                                                              [32m│[0m
[32m│[0m  [92m        "zone": 1196.9,[0m                                                                              [32m│[0m
[32m│[0m  [92m        "evidence": ["Volume Zone", "EMA50"],[0m                                                        [32m│[0m
[32m│[0m  [92m        "confidence_score": 0.7[0m                                                                      [32m│[0m
[32m│[0m  [92m      }[0m                                                                                              [32m│[0m
[32m│[0m  [92m    ],[0m                                                                                               [32m│[0m
[32m│[0m  [92m    "resistance_zones": [[0m                                                                            [32m│[0m
[32m│[0m  [92m      {[0m                                                                                              [32m│[0m
[32m│[0m  [92m        "zone": 1267.8861,[0m                                                                           [32m│[0m
[32m│[0m  [92m        "evidence": ["EMA200", "Swing High"],[0m                                                        [32m│[0m
[32m│[0m  [92m        "confidence_score": 0.85[0m                                                                     [32m│[0m
[32m│[0m  [92m      },[0m                                                                                             [32m│[0m
[32m│[0m  [92m      {[0m                                                                                              [32m│[0m
[32m│[0m  [92m        "zone": 1319.2,[0m                                                                              [32m│[0m
[32m│[0m  [92m        "evidence": ["Swing High", "Cluster Level"],[0m                                                 [32m│[0m
[32m│[0m  [92m        "confidence_score": 0.8[0m                                                                      [32m│[0m
[32m│[0m  [92m      }[0m                                                                                              [32m│[0m
[32m│[0m  [92m    ][0m                                                                                                [32m│[0m
[32m│[0m  [92m  }[0m                                                                                                  [32m│[0m
[32m│[0m  [92m}[0m                                                                                                    [32m│[0m
[32m│[0m  [92m```[0m                                                                                                  [32m│[0m
[32m│[0m                                                                                                       [32m│[0m
[32m╰───────────────────────────────────────────────────────────────────────────────────────────────────────╯[0m

[33m╭─[0m[33m───────────────────────────────────────────[0m[33m Task Started [0m[33m────────────────────────────────────────────[0m[33m─╮[0m
[33m│[0m                                                                                                       [33m│[0m
[33m│[0m  [1;33m📋 Task: 4b563c82-d659-4e1c-bf32-89187ea1e079[0m                                                        [33m│[0m
[33m│[0m  [37mStatus: [0m[2;33mExecuting Task...[0m                                                                            [33m│[0m
[33m│[0m                                                                                                       [33m│[0m
[33m╰───────────────────────────────────────────────────────────────────────────────────────────────────────╯[0m


[35m╭─[0m[35m─────────────────────────────────────────[0m[35m 🤖 Agent Started [0m[35m──────────────────────────────────────────[0m[35m─╮[0m
[35m│[0m                                                                                                       [35m│[0m
[35m│[0m  [37mAgent: [0m[1;92mTechnical Analysis Explainer[0m                                                                  [35m│[0m
[35m│[0m                                                                                                       [35m│[0m
[35m│[0m  [37mTask: [0m[92mExplain the analysis in human-readable terms with no hype and no guarantees. Make every [0m       [35m│[0m
[35m│[0m  [92muncertainty note specific to the current ticker and grounded in the supplied JSON values. Reference[0m  [35m│[0m
[35m│[0m  [92mconcrete indicator values, support/resistance levels, or pattern names instead of generic market [0m    [35m│[0m
[35m│[0m  [92mfiller. Include clear invalidation points and what to monitor next.[0m                                  [35m│[0m
[35m│[0m                                                                                                       [35m│[0m
[35m│[0m                                                                                                       [35m│[0m
[35m╰───────────────────────────────────────────────────────────────────────────────────────────────────────╯[0m

[32m╭─[0m[32m───────────────────────────────────────[0m[32m ✅ Agent Final Answer [0m[32m───────────────────────────────────────[0m[32m─╮[0m
[32m│[0m                                                                                                       [32m│[0m
[32m│[0m  [37mAgent: [0m[1;92mTechnical Analysis Explainer[0m                                                                  [32m│[0m
[32m│[0m                                                                                                       [32m│[0m
[32m│[0m  [37mFinal Answer:[0m                                                                                        [32m│[0m
[32m│[0m  [92m{[0m                                                                                                    [32m│[0m
[32m│[0m  [92m  "summary": {[0m                                                                                       [32m│[0m
[32m│[0m  [92m    "stance": "bullish",[0m                                                                             [32m│[0m
[32m│[0m  [92m    "confidence": 0.75,[0m                                                                              [32m│[0m
[32m│[0m  [92m    "thesis": "The market is trending upwards with increasing momentum indicators and a favorable [0m   [32m│[0m
[32m│[0m  [92mconfiguration of support and resistance zones. The current price is resting near strong support [0m     [32m│[0m
[32m│[0m  [92mlevels, and despite slight volatility fluctuations, overall positive momentum suggests potential [0m    [32m│[0m
[32m│[0m  [92mupward movement."[0m                                                                                    [32m│[0m
[32m│[0m  [92m  },[0m                                                                                                 [32m│[0m
[32m│[0m  [92m  "indicator_explanation": {[0m                                                                         [32m│[0m
[32m│[0m  [92m    "sma": {[0m                                                                                         [32m│[0m
[32m│[0m  [92m      "sma20": "1171.825",[0m                                                                           [32m│[0m
[32m│[0m  [92m      "sma50": "1220.058",[0m                                                                           [32m│[0m
[32m│[0m  [92m      "explanation": "The short-term simple moving average (SMA) at 1171.825 is below the [0m           [32m│[0m
[32m│[0m  [92mlonger-term SMA at 1220.058, indicating a bullish trend as price remains above these averages."[0m      [32m│[0m
[32m│[0m  [92m    },[0m                                                                                               [32m│[0m
[32m│[0m  [92m    "ema": {[0m                                                                                         [32m│[0m
[32m│[0m  [92m      "ema20": "1189.206",[0m                                                                           [32m│[0m
[32m│[0m  [92m      "ema50": "1211.0095",[0m                                                                          [32m│[0m
[32m│[0m  [92m      "explanation": "The exponential moving averages (EMAs) further reinforce this bullish stance,[0m  [32m│[0m
[32m│[0m  [92mwith the EMA20 at 1189.206 suggesting near-term strength over the EMA50 at 1211.0095."[0m               [32m│[0m
[32m│[0m  [92m    },[0m                                                                                               [32m│[0m
[32m│[0m  [92m    "momentum_indicators": {[0m                                                                         [32m│[0m
[32m│[0m  [92m      "rsi14": 63.935,[0m                                                                               [32m│[0m
[32m│[0m  [92m      "macd": {[0m                                                                                      [32m│[0m
[32m│[0m  [92m        "value": 1.6192,[0m                                                                             [32m│[0m
[32m│[0m  [92m        "signal": -9.1312,[0m                                                                           [32m│[0m
[32m│[0m  [92m        "histogram": 10.7504,[0m                                                                        [32m│[0m
[32m│[0m  [92m        "explanation": "The RSI at 63.935 indicates that the asset is approaching overbought [0m        [32m│[0m
[32m│[0m  [92mconditions but remains within a bullish range. Additionally, the MACD shows a strong positive [0m       [32m│[0m
[32m│[0m  [92mhistogram, suggesting continued upward momentum."[0m                                                    [32m│[0m
[32m│[0m  [92m      }[0m                                                                                              [32m│[0m
[32m│[0m  [92m    },[0m                                                                                               [32m│[0m
[32m│[0m  [92m    "volatility_measures": {[0m                                                                         [32m│[0m
[32m│[0m  [92m      "atr14": 33.5429,[0m                                                                              [32m│[0m
[32m│[0m  [92m      "bollinger_bands": {[0m                                                                           [32m│[0m
[32m│[0m  [92m        "upper": 1249.7179,[0m                                                                          [32m│[0m
[32m│[0m  [92m        "lower": 1093.9321,[0m                                                                          [32m│[0m
[32m│[0m  [92m        "explanation": "The Bollinger Bands indicate stability, with the current price well within [0m  [32m│[0m
[32m│[0m  [92mthe bands and above the moving average, supporting a bullish view."[0m                                  [32m│[0m
[32m│[0m  [92m      }[0m                                                                                              [32m│[0m
[32m│[0m  [92m    },[0m                                                                                               [32m│[0m
[32m│[0m  [92m    "volume_analysis": {[0m                                                                             [32m│[0m
[32m│[0m  [92m      "on_balance_volume": 46396094.0,[0m                                                               [32m│[0m
[32m│[0m  [92m      "explanation": "High on-balance volume indicates strong accumulation, supporting bullish [0m      [32m│[0m
[32m│[0m  [92msentiment as buying pressure outweighs selling."[0m                                                     [32m│[0m
[32m│[0m  [92m    }[0m                                                                                                [32m│[0m
[32m│[0m  [92m  },[0m                                                                                                 [32m│[0m
[32m│[0m  [92m  "pattern_explanation": {[0m                                                                           [32m│[0m
[32m│[0m  [92m    "general_patterns": "The market is currently exhibiting a bullish trend pattern, supported by [0m   [32m│[0m
[32m│[0m  [92mthe configurations mentioned above, including the presence of significant volume at the identified [0m  [32m│[0m
[32m│[0m  [92msupport levels."[0m                                                                                     [32m│[0m
[32m│[0m  [92m  },[0m                                                                                                 [32m│[0m
[32m│[0m  [92m  "sr_explanation": {[0m                                                                                [32m│[0m
[32m│[0m  [92m    "support_levels": {[0m                                                                              [32m│[0m
[32m│[0m  [92m      "level_1": {[0m                                                                                   [32m│[0m
[32m│[0m  [92m        "zone": 1157.8,[0m                                                                              [32m│[0m
[32m│[0m  [92m        "confidence_score": 0.75,[0m                                                                    [32m│[0m
[32m│[0m  [92m        "evidence": ["Swing Low", "Volume Zone"][0m                                                     [32m│[0m
[32m│[0m  [92m      },[0m                                                                                             [32m│[0m
[32m│[0m  [92m      "level_2": {[0m                                                                                   [32m│[0m
[32m│[0m  [92m        "zone": 1196.9,[0m                                                                              [32m│[0m
[32m│[0m  [92m        "confidence_score": 0.7,[0m                                                                     [32m│[0m
[32m│[0m  [92m        "evidence": ["Volume Zone", "EMA50"][0m                                                         [32m│[0m
[32m│[0m  [92m      }[0m                                                                                              [32m│[0m
[32m│[0m  [92m    },[0m                                                                                               [32m│[0m
[32m│[0m  [92m    "resistance_levels": {[0m                                                                           [32m│[0m
[32m│[0m  [92m      "level_1": {[0m                                                                                   [32m│[0m
[32m│[0m  [92m        "zone": 1267.8861,[0m                                                                           [32m│[0m
[32m│[0m  [92m        "confidence_score": 0.85,[0m                                                                    [32m│[0m
[32m│[0m  [92m        "evidence": ["EMA200", "Swing High"][0m                                                         [32m│[0m
[32m│[0m  [92m      },[0m                                                                                             [32m│[0m
[32m│[0m  [92m      "level_2": {[0m                                                                                   [32m│[0m
[32m│[0m  [92m        "zone": 1319.2,[0m                                                                              [32m│[0m
[32m│[0m  [92m        "confidence_score": 0.8,[0m                                                                     [32m│[0m
[32m│[0m  [92m        "evidence": ["Swing High", "Cluster Level"][0m                                                  [32m│[0m
[32m│[0m  [92m      }[0m                                                                                              [32m│[0m
[32m│[0m  [92m    },[0m                                                                                               [32m│[0m
[32m│[0m  [92m    "explanation": "Support is notably strong at 1157.8 and 1196.9, with the former being a swing [0m   [32m│[0m
[32m│[0m  [92mlow and the latter aligning with EMA50. Resistance is noted at 1267.8861 (EMA200 & swing high) and [0m  [32m│[0m
[32m│[0m  [92m1319.2, emphasizing key levels to monitor."[0m                                                          [32m│[0m
[32m│[0m  [92m  },[0m                                                                                                 [32m│[0m
[32m│[0m  [92m  "uncertainty_notes": [[0m                                                                             [32m│[0m
[32m│[0m  [92m    "While the RSI is nearing overbought levels, which could suggest a pullback is possible if it [0m   [32m│[0m
[32m│[0m  [92mcrosses above 70, current momentum indicates that upward price movement could still persist.",[0m       [32m│[0m
[32m│[0m  [92m    "The ATR at 33.5429 shows that volatility is present, implying that price may experience [0m        [32m│[0m
[32m│[0m  [92mnotable swings; hence, traders should prepare for potential fluctuations around significant [0m         [32m│[0m
[32m│[0m  [92mlevels.",[0m                                                                                            [32m│[0m
[32m│[0m  [92m    "The proximity of the current price to support at 1157.8 indicates that a breach below this [0m     [32m│[0m
[32m│[0m  [92mlevel could invalidate the bullish thesis, prompting reassessment of the stance."[0m                    [32m│[0m
[32m│[0m  [92m  ],[0m                                                                                                 [32m│[0m
[32m│[0m  [92m  "monitoring_checklist": [[0m                                                                          [32m│[0m
[32m│[0m  [92m    "Watch for the price to hold above the strong support level at 1157.8; failure to do so could [0m   [32m│[0m
[32m│[0m  [92msuggest a trend reversal.",[0m                                                                          [32m│[0m
[32m│[0m  [92m    "Monitor the RSI closely, particularly for movements above 70, which might indicate a potential[0m  [32m│[0m
[32m│[0m  [92moverbought scenario.",[0m                                                                               [32m│[0m
[32m│[0m  [92m    "Keep an eye on volume trends; an increase in volume alongside price rises would confirm the [0m    [32m│[0m
[32m│[0m  [92muptrend, while declining volume could signal weakness."[0m                                              [32m│[0m
[32m│[0m  [92m  ][0m                                                                                                  [32m│[0m
[32m│[0m  [92m}[0m                                                                                                    [32m│[0m
[32m│[0m                                                                                                       [32m│[0m
[32m╰───────────────────────────────────────────────────────────────────────────────────────────────────────╯[0m

